result code = -1
standard error = {
tests/diagnostics/hlsl-to-vulkan-shift-diagnostic.hlsl(15): error 39025: conflicting vulkan inferred binding for parameter 'c' overlap is 0 and 0
RWStructuredBuffer<Data> u : register(u11);
                         ^
}
standard output = {
}
